// Jest Snapshot v1, https://goo.gl/fbAQLP

exports[`bank_assessment component renders the component as a snapshot 1`] = `
ShallowWrapper {
  "complexSelector": ComplexSelector {
    "buildPredicate": [Function],
    "childrenOfNode": [Function],
    "findWhereUnwrapped": [Function],
  },
  "length": 1,
  "node": <ListItem
    assessment={
        Object {
            "bankId": "",
            "displayName": Object {
              "text": "Spec Name",
            },
            "id": "",
            "isPublished": false,
          }
    }
    bank={
        Object {
            "bankId": "",
            "displayName": Object {
              "text": "Spec Name",
            },
            "id": "",
            "isPublished": false,
          }
    }
    baseEmbedUrl=""
    deleteAssessment={[Function]}
    focused={false}
    getEmbedCode={[Function]}
    onFocus={[Function]}
    selectItem={[Function]}
    togglePublishAssessment={[Function]}
>
    <td>
        <i
            className="material-icons"
        >
            description
        </i>
    </td>
    <td>
        Spec Name
    </td>
    <td>
        <PublishButton
            assessment={
                Object {
                    "bankId": "",
                    "displayName": Object {
                      "text": "Spec Name",
                    },
                    "id": "",
                    "isPublished": false,
                  }
            }
            onFocus={[Function]}
            togglePublishAssessment={[Function]}
        />
    </td>
    <td>
        <div
            className="au-c-table__icons"
        >
            <EmbedButton
                assessment={
                    Object {
                        "bankId": "",
                        "displayName": Object {
                          "text": "Spec Name",
                        },
                        "id": "",
                        "isPublished": false,
                      }
                }
                baseEmbedUrl=""
                deleteAssessment={[Function]}
                focused={false}
                getEmbedCode={[Function]}
                onFocus={[Function]}
                togglePublishAssessment={[Function]}
            />
            <EditButton
                assessment={
                    Object {
                        "bankId": "",
                        "displayName": Object {
                          "text": "Spec Name",
                        },
                        "id": "",
                        "isPublished": false,
                      }
                }
                baseEmbedUrl=""
                deleteAssessment={[Function]}
                focused={false}
                getEmbedCode={[Function]}
                onFocus={[Function]}
                togglePublishAssessment={[Function]}
            />
            <PreviewButton
                assessment={
                    Object {
                        "bankId": "",
                        "displayName": Object {
                          "text": "Spec Name",
                        },
                        "id": "",
                        "isPublished": false,
                      }
                }
                baseEmbedUrl=""
                deleteAssessment={[Function]}
                focused={false}
                getEmbedCode={[Function]}
                onFocus={[Function]}
                togglePublishAssessment={[Function]}
            />
            <DeleteButton
                assessment={
                    Object {
                        "bankId": "",
                        "displayName": Object {
                          "text": "Spec Name",
                        },
                        "id": "",
                        "isPublished": false,
                      }
                }
                baseEmbedUrl=""
                deleteAssessment={[Function]}
                focused={false}
                getEmbedCode={[Function]}
                onFocus={[Function]}
                togglePublishAssessment={[Function]}
            />
        </div>
    </td>
</ListItem>,
  "nodes": Array [
    <ListItem
      assessment={
            Object {
                  "bankId": "",
                  "displayName": Object {
                    "text": "Spec Name",
                  },
                  "id": "",
                  "isPublished": false,
                }
      }
      bank={
            Object {
                  "bankId": "",
                  "displayName": Object {
                    "text": "Spec Name",
                  },
                  "id": "",
                  "isPublished": false,
                }
      }
      baseEmbedUrl=""
      deleteAssessment={[Function]}
      focused={false}
      getEmbedCode={[Function]}
      onFocus={[Function]}
      selectItem={[Function]}
      togglePublishAssessment={[Function]}
>
      <td>
            <i
                  className="material-icons"
            >
                  description
            </i>
      </td>
      <td>
            Spec Name
      </td>
      <td>
            <PublishButton
                  assessment={
                        Object {
                              "bankId": "",
                              "displayName": Object {
                                "text": "Spec Name",
                              },
                              "id": "",
                              "isPublished": false,
                            }
                  }
                  onFocus={[Function]}
                  togglePublishAssessment={[Function]}
            />
      </td>
      <td>
            <div
                  className="au-c-table__icons"
            >
                  <EmbedButton
                        assessment={
                              Object {
                                    "bankId": "",
                                    "displayName": Object {
                                      "text": "Spec Name",
                                    },
                                    "id": "",
                                    "isPublished": false,
                                  }
                        }
                        baseEmbedUrl=""
                        deleteAssessment={[Function]}
                        focused={false}
                        getEmbedCode={[Function]}
                        onFocus={[Function]}
                        togglePublishAssessment={[Function]}
                  />
                  <EditButton
                        assessment={
                              Object {
                                    "bankId": "",
                                    "displayName": Object {
                                      "text": "Spec Name",
                                    },
                                    "id": "",
                                    "isPublished": false,
                                  }
                        }
                        baseEmbedUrl=""
                        deleteAssessment={[Function]}
                        focused={false}
                        getEmbedCode={[Function]}
                        onFocus={[Function]}
                        togglePublishAssessment={[Function]}
                  />
                  <PreviewButton
                        assessment={
                              Object {
                                    "bankId": "",
                                    "displayName": Object {
                                      "text": "Spec Name",
                                    },
                                    "id": "",
                                    "isPublished": false,
                                  }
                        }
                        baseEmbedUrl=""
                        deleteAssessment={[Function]}
                        focused={false}
                        getEmbedCode={[Function]}
                        onFocus={[Function]}
                        togglePublishAssessment={[Function]}
                  />
                  <DeleteButton
                        assessment={
                              Object {
                                    "bankId": "",
                                    "displayName": Object {
                                      "text": "Spec Name",
                                    },
                                    "id": "",
                                    "isPublished": false,
                                  }
                        }
                        baseEmbedUrl=""
                        deleteAssessment={[Function]}
                        focused={false}
                        getEmbedCode={[Function]}
                        onFocus={[Function]}
                        togglePublishAssessment={[Function]}
                  />
            </div>
      </td>
</ListItem>,
  ],
  "options": Object {},
  "renderer": ReactShallowRenderer {
    "_instance": ShallowComponentWrapper {
      "_calledComponentWillUnmount": false,
      "_compositeType": 0,
      "_context": Object {},
      "_currentElement": <BankAssessment
        assessment={
                Object {
                        "bankId": "",
                        "displayName": Object {
                          "text": "Spec Name",
                        },
                        "id": "",
                        "isPublished": false,
                      }
        }
        baseEmbedUrl=""
        deleteAssessment={[Function]}
        focused={false}
        getEmbedCode={[Function]}
        onFocus={[Function]}
        togglePublishAssessment={[Function]}
/>,
      "_debugID": 1,
      "_hostContainerInfo": null,
      "_hostParent": null,
      "_instance": BankAssessment {
        "_reactInternalInstance": [Circular],
        "context": Object {},
        "props": Object {
          "assessment": Object {
            "bankId": "",
            "displayName": Object {
              "text": "Spec Name",
            },
            "id": "",
            "isPublished": false,
          },
          "baseEmbedUrl": "",
          "deleteAssessment": [Function],
          "focused": false,
          "getEmbedCode": [Function],
          "onFocus": [Function],
          "togglePublishAssessment": [Function],
        },
        "refs": Object {},
        "state": Object {
          "deleting": false,
        },
        "updater": Object {
          "enqueueCallback": [Function],
          "enqueueCallbackInternal": [Function],
          "enqueueElementInternal": [Function],
          "enqueueForceUpdate": [Function],
          "enqueueReplaceState": [Function],
          "enqueueSetState": [Function],
          "isMounted": [Function],
          "validateCallback": [Function],
        },
      },
      "_mountOrder": 1,
      "_pendingCallbacks": null,
      "_pendingElement": null,
      "_pendingForceUpdate": false,
      "_pendingReplaceState": false,
      "_pendingStateQueue": null,
      "_renderedComponent": NoopInternalComponent {
        "_currentElement": <ListItem
          assessment={
                    Object {
                              "bankId": "",
                              "displayName": Object {
                                "text": "Spec Name",
                              },
                              "id": "",
                              "isPublished": false,
                            }
          }
          bank={
                    Object {
                              "bankId": "",
                              "displayName": Object {
                                "text": "Spec Name",
                              },
                              "id": "",
                              "isPublished": false,
                            }
          }
          baseEmbedUrl=""
          deleteAssessment={[Function]}
          focused={false}
          getEmbedCode={[Function]}
          onFocus={[Function]}
          selectItem={[Function]}
          togglePublishAssessment={[Function]}
>
          <td>
                    <i
                              className="material-icons"
                    >
                              description
                    </i>
          </td>
          <td>
                    Spec Name
          </td>
          <td>
                    <PublishButton
                              assessment={
                                        Object {
                                                  "bankId": "",
                                                  "displayName": Object {
                                                    "text": "Spec Name",
                                                  },
                                                  "id": "",
                                                  "isPublished": false,
                                                }
                              }
                              onFocus={[Function]}
                              togglePublishAssessment={[Function]}
                    />
          </td>
          <td>
                    <div
                              className="au-c-table__icons"
                    >
                              <EmbedButton
                                        assessment={
                                                  Object {
                                                            "bankId": "",
                                                            "displayName": Object {
                                                              "text": "Spec Name",
                                                            },
                                                            "id": "",
                                                            "isPublished": false,
                                                          }
                                        }
                                        baseEmbedUrl=""
                                        deleteAssessment={[Function]}
                                        focused={false}
                                        getEmbedCode={[Function]}
                                        onFocus={[Function]}
                                        togglePublishAssessment={[Function]}
                              />
                              <EditButton
                                        assessment={
                                                  Object {
                                                            "bankId": "",
                                                            "displayName": Object {
                                                              "text": "Spec Name",
                                                            },
                                                            "id": "",
                                                            "isPublished": false,
                                                          }
                                        }
                                        baseEmbedUrl=""
                                        deleteAssessment={[Function]}
                                        focused={false}
                                        getEmbedCode={[Function]}
                                        onFocus={[Function]}
                                        togglePublishAssessment={[Function]}
                              />
                              <PreviewButton
                                        assessment={
                                                  Object {
                                                            "bankId": "",
                                                            "displayName": Object {
                                                              "text": "Spec Name",
                                                            },
                                                            "id": "",
                                                            "isPublished": false,
                                                          }
                                        }
                                        baseEmbedUrl=""
                                        deleteAssessment={[Function]}
                                        focused={false}
                                        getEmbedCode={[Function]}
                                        onFocus={[Function]}
                                        togglePublishAssessment={[Function]}
                              />
                              <DeleteButton
                                        assessment={
                                                  Object {
                                                            "bankId": "",
                                                            "displayName": Object {
                                                              "text": "Spec Name",
                                                            },
                                                            "id": "",
                                                            "isPublished": false,
                                                          }
                                        }
                                        baseEmbedUrl=""
                                        deleteAssessment={[Function]}
                                        focused={false}
                                        getEmbedCode={[Function]}
                                        onFocus={[Function]}
                                        togglePublishAssessment={[Function]}
                              />
                    </div>
          </td>
</ListItem>,
        "_debugID": 2,
        "_renderedOutput": <ListItem
          assessment={
                    Object {
                              "bankId": "",
                              "displayName": Object {
                                "text": "Spec Name",
                              },
                              "id": "",
                              "isPublished": false,
                            }
          }
          bank={
                    Object {
                              "bankId": "",
                              "displayName": Object {
                                "text": "Spec Name",
                              },
                              "id": "",
                              "isPublished": false,
                            }
          }
          baseEmbedUrl=""
          deleteAssessment={[Function]}
          focused={false}
          getEmbedCode={[Function]}
          onFocus={[Function]}
          selectItem={[Function]}
          togglePublishAssessment={[Function]}
>
          <td>
                    <i
                              className="material-icons"
                    >
                              description
                    </i>
          </td>
          <td>
                    Spec Name
          </td>
          <td>
                    <PublishButton
                              assessment={
                                        Object {
                                                  "bankId": "",
                                                  "displayName": Object {
                                                    "text": "Spec Name",
                                                  },
                                                  "id": "",
                                                  "isPublished": false,
                                                }
                              }
                              onFocus={[Function]}
                              togglePublishAssessment={[Function]}
                    />
          </td>
          <td>
                    <div
                              className="au-c-table__icons"
                    >
                              <EmbedButton
                                        assessment={
                                                  Object {
                                                            "bankId": "",
                                                            "displayName": Object {
                                                              "text": "Spec Name",
                                                            },
                                                            "id": "",
                                                            "isPublished": false,
                                                          }
                                        }
                                        baseEmbedUrl=""
                                        deleteAssessment={[Function]}
                                        focused={false}
                                        getEmbedCode={[Function]}
                                        onFocus={[Function]}
                                        togglePublishAssessment={[Function]}
                              />
                              <EditButton
                                        assessment={
                                                  Object {
                                                            "bankId": "",
                                                            "displayName": Object {
                                                              "text": "Spec Name",
                                                            },
                                                            "id": "",
                                                            "isPublished": false,
                                                          }
                                        }
                                        baseEmbedUrl=""
                                        deleteAssessment={[Function]}
                                        focused={false}
                                        getEmbedCode={[Function]}
                                        onFocus={[Function]}
                                        togglePublishAssessment={[Function]}
                              />
                              <PreviewButton
                                        assessment={
                                                  Object {
                                                            "bankId": "",
                                                            "displayName": Object {
                                                              "text": "Spec Name",
                                                            },
                                                            "id": "",
                                                            "isPublished": false,
                                                          }
                                        }
                                        baseEmbedUrl=""
                                        deleteAssessment={[Function]}
                                        focused={false}
                                        getEmbedCode={[Function]}
                                        onFocus={[Function]}
                                        togglePublishAssessment={[Function]}
                              />
                              <DeleteButton
                                        assessment={
                                                  Object {
                                                            "bankId": "",
                                                            "displayName": Object {
                                                              "text": "Spec Name",
                                                            },
                                                            "id": "",
                                                            "isPublished": false,
                                                          }
                                        }
                                        baseEmbedUrl=""
                                        deleteAssessment={[Function]}
                                        focused={false}
                                        getEmbedCode={[Function]}
                                        onFocus={[Function]}
                                        togglePublishAssessment={[Function]}
                              />
                    </div>
          </td>
</ListItem>,
      },
      "_renderedNodeType": 1,
      "_rootNodeID": 0,
      "_topLevelWrapper": null,
      "_updateBatchNumber": null,
      "_warnedAboutRefsInRender": false,
    },
    "getRenderOutput": [Function],
    "render": [Function],
  },
  "root": [Circular],
  "unrendered": <BankAssessment
    assessment={
        Object {
            "bankId": "",
            "displayName": Object {
              "text": "Spec Name",
            },
            "id": "",
            "isPublished": false,
          }
    }
    baseEmbedUrl=""
    deleteAssessment={[Function]}
    focused={false}
    getEmbedCode={[Function]}
    onFocus={[Function]}
    togglePublishAssessment={[Function]}
/>,
}
`;
