// Jest Snapshot v1, https://goo.gl/fbAQLP

exports[`embed_button component matches the snapshot 1`] = `
ShallowWrapper {
  "complexSelector": ComplexSelector {
    "buildPredicate": [Function],
    "childrenOfNode": [Function],
    "findWhereUnwrapped": [Function],
  },
  "length": 1,
  "node": <button
    className="au-c-btn au-c-btn--sm au-c-btn--table"
    onClick={[Function]}
    onFocus={[Function]}
>
    embed code
</button>,
  "nodes": Array [
    <button
      className="au-c-btn au-c-btn--sm au-c-btn--table"
      onClick={[Function]}
      onFocus={[Function]}
>
      embed code
</button>,
  ],
  "options": Object {},
  "renderer": ReactShallowRenderer {
    "_instance": ShallowComponentWrapper {
      "_calledComponentWillUnmount": false,
      "_compositeType": 2,
      "_context": Object {},
      "_currentElement": <EmbedButton
        assessment={
                Object {
                        "assessOffered": false,
                        "isPublished": true,
                      }
        }
        baseEmbedUrl=""
        getEmbedCode={[Function]}
        onFocus={[Function]}
/>,
      "_debugID": 1,
      "_hostContainerInfo": null,
      "_hostParent": null,
      "_instance": StatelessComponent {
        "_reactInternalInstance": [Circular],
        "context": Object {},
        "props": Object {
          "assessment": Object {
            "assessOffered": false,
            "isPublished": true,
          },
          "baseEmbedUrl": "",
          "getEmbedCode": [Function],
          "onFocus": [Function],
        },
        "refs": Object {},
        "state": null,
        "updater": Object {
          "enqueueCallback": [Function],
          "enqueueCallbackInternal": [Function],
          "enqueueElementInternal": [Function],
          "enqueueForceUpdate": [Function],
          "enqueueReplaceState": [Function],
          "enqueueSetState": [Function],
          "isMounted": [Function],
          "validateCallback": [Function],
        },
      },
      "_mountOrder": 1,
      "_pendingCallbacks": null,
      "_pendingElement": null,
      "_pendingForceUpdate": false,
      "_pendingReplaceState": false,
      "_pendingStateQueue": null,
      "_renderedComponent": NoopInternalComponent {
        "_currentElement": <button
          className="au-c-btn au-c-btn--sm au-c-btn--table"
          onClick={[Function]}
          onFocus={[Function]}
>
          embed code
</button>,
        "_debugID": 2,
        "_renderedOutput": <button
          className="au-c-btn au-c-btn--sm au-c-btn--table"
          onClick={[Function]}
          onFocus={[Function]}
>
          embed code
</button>,
      },
      "_renderedNodeType": 0,
      "_rootNodeID": 0,
      "_topLevelWrapper": null,
      "_updateBatchNumber": null,
      "_warnedAboutRefsInRender": false,
    },
    "getRenderOutput": [Function],
    "render": [Function],
  },
  "root": [Circular],
  "unrendered": <EmbedButton
    assessment={
        Object {
            "assessOffered": false,
            "isPublished": true,
          }
    }
    baseEmbedUrl=""
    getEmbedCode={[Function]}
    onFocus={[Function]}
/>,
}
`;
