// Jest Snapshot v1, https://goo.gl/fbAQLP

exports[`drag area component renders the component as a snapshot 1`] = `
ShallowWrapper {
  "complexSelector": ComplexSelector {
    "buildPredicate": [Function],
    "childrenOfNode": [Function],
    "findWhereUnwrapped": [Function],
  },
  "length": 1,
  "node": <div
    className="au-c-drop-zone__answers au-o-row"
>
    <dropObject
        isActive={true}
        language="639-2%3AENG%40ISO"
        object={
            Object {
                "id": "7",
                "images": Object {
                  "639-2%3AENG%40ISO": Object {
                    "text": "fake_image",
                  },
                },
              }
        }
        setActive={[Function]}
        updateObject={[Function]}
        uploadMedia={[Function]}
        zones={Object {}}
    />
    <div
        className="au-o-quarter"
    >
        <div
            className="au-c-drop-zone-answer-add"
        >
            <button
                className="au-c-drop-zone-answer-add__button"
                onClick={[Function]}
            >
                Add Image
            </button>
        </div>
    </div>
    <EditorUploadModal
        closeModal={[Function]}
        insertMedia={[Function]}
        isOpen={false}
        language="639-2%3AENG%40ISO"
        loading={false}
        localizeStrings={[Function]}
        media={Object {}}
        mediaType="img"
    />
</div>,
  "nodes": Array [
    <div
      className="au-c-drop-zone__answers au-o-row"
>
      <dropObject
            isActive={true}
            language="639-2%3AENG%40ISO"
            object={
                  Object {
                        "id": "7",
                        "images": Object {
                          "639-2%3AENG%40ISO": Object {
                            "text": "fake_image",
                          },
                        },
                      }
            }
            setActive={[Function]}
            updateObject={[Function]}
            uploadMedia={[Function]}
            zones={Object {}}
      />
      <div
            className="au-o-quarter"
      >
            <div
                  className="au-c-drop-zone-answer-add"
            >
                  <button
                        className="au-c-drop-zone-answer-add__button"
                        onClick={[Function]}
                  >
                        Add Image
                  </button>
            </div>
      </div>
      <EditorUploadModal
            closeModal={[Function]}
            insertMedia={[Function]}
            isOpen={false}
            language="639-2%3AENG%40ISO"
            loading={false}
            localizeStrings={[Function]}
            media={Object {}}
            mediaType="img"
      />
</div>,
  ],
  "options": Object {},
  "renderer": ReactShallowRenderer {
    "_instance": ShallowComponentWrapper {
      "_calledComponentWillUnmount": false,
      "_compositeType": 0,
      "_context": Object {},
      "_currentElement": <DragArea
        dropObjects={
                Object {
                        "object": Object {
                          "id": "7",
                          "images": Object {
                            "639-2%3AENG%40ISO": Object {
                              "text": "fake_image",
                            },
                          },
                        },
                      }
        }
        images={Object {}}
        language="639-2%3AENG%40ISO"
        loadingMedia={false}
        localizeStrings={[Function]}
        updateDropObject={[Function]}
        uploadMedia={[Function]}
        zones={Object {}}
/>,
      "_debugID": 1,
      "_hostContainerInfo": null,
      "_hostParent": null,
      "_instance": DragArea {
        "_reactInternalInstance": [Circular],
        "context": Object {},
        "props": Object {
          "dropObjects": Object {
            "object": Object {
              "id": "7",
              "images": Object {
                "639-2%3AENG%40ISO": Object {
                  "text": "fake_image",
                },
              },
            },
          },
          "images": Object {},
          "language": "639-2%3AENG%40ISO",
          "loadingMedia": false,
          "localizeStrings": [Function],
          "updateDropObject": [Function],
          "uploadMedia": [Function],
          "zones": Object {},
        },
        "refs": Object {},
        "state": Object {
          "activeObject": null,
          "showModal": false,
        },
        "updater": Object {
          "enqueueCallback": [Function],
          "enqueueCallbackInternal": [Function],
          "enqueueElementInternal": [Function],
          "enqueueForceUpdate": [Function],
          "enqueueReplaceState": [Function],
          "enqueueSetState": [Function],
          "isMounted": [Function],
          "validateCallback": [Function],
        },
      },
      "_mountOrder": 1,
      "_pendingCallbacks": null,
      "_pendingElement": null,
      "_pendingForceUpdate": false,
      "_pendingReplaceState": false,
      "_pendingStateQueue": null,
      "_renderedComponent": NoopInternalComponent {
        "_currentElement": <div
          className="au-c-drop-zone__answers au-o-row"
>
          <dropObject
                    isActive={true}
                    language="639-2%3AENG%40ISO"
                    object={
                              Object {
                                        "id": "7",
                                        "images": Object {
                                          "639-2%3AENG%40ISO": Object {
                                            "text": "fake_image",
                                          },
                                        },
                                      }
                    }
                    setActive={[Function]}
                    updateObject={[Function]}
                    uploadMedia={[Function]}
                    zones={Object {}}
          />
          <div
                    className="au-o-quarter"
          >
                    <div
                              className="au-c-drop-zone-answer-add"
                    >
                              <button
                                        className="au-c-drop-zone-answer-add__button"
                                        onClick={[Function]}
                              >
                                        Add Image
                              </button>
                    </div>
          </div>
          <EditorUploadModal
                    closeModal={[Function]}
                    insertMedia={[Function]}
                    isOpen={false}
                    language="639-2%3AENG%40ISO"
                    loading={false}
                    localizeStrings={[Function]}
                    media={Object {}}
                    mediaType="img"
          />
</div>,
        "_debugID": 2,
        "_renderedOutput": <div
          className="au-c-drop-zone__answers au-o-row"
>
          <dropObject
                    isActive={true}
                    language="639-2%3AENG%40ISO"
                    object={
                              Object {
                                        "id": "7",
                                        "images": Object {
                                          "639-2%3AENG%40ISO": Object {
                                            "text": "fake_image",
                                          },
                                        },
                                      }
                    }
                    setActive={[Function]}
                    updateObject={[Function]}
                    uploadMedia={[Function]}
                    zones={Object {}}
          />
          <div
                    className="au-o-quarter"
          >
                    <div
                              className="au-c-drop-zone-answer-add"
                    >
                              <button
                                        className="au-c-drop-zone-answer-add__button"
                                        onClick={[Function]}
                              >
                                        Add Image
                              </button>
                    </div>
          </div>
          <EditorUploadModal
                    closeModal={[Function]}
                    insertMedia={[Function]}
                    isOpen={false}
                    language="639-2%3AENG%40ISO"
                    loading={false}
                    localizeStrings={[Function]}
                    media={Object {}}
                    mediaType="img"
          />
</div>,
      },
      "_renderedNodeType": 0,
      "_rootNodeID": 0,
      "_topLevelWrapper": null,
      "_updateBatchNumber": null,
      "_warnedAboutRefsInRender": false,
    },
    "getRenderOutput": [Function],
    "render": [Function],
  },
  "root": [Circular],
  "unrendered": <DragArea
    dropObjects={
        Object {
            "object": Object {
              "id": "7",
              "images": Object {
                "639-2%3AENG%40ISO": Object {
                  "text": "fake_image",
                },
              },
            },
          }
    }
    images={Object {}}
    language="639-2%3AENG%40ISO"
    loadingMedia={false}
    localizeStrings={[Function]}
    updateDropObject={[Function]}
    uploadMedia={[Function]}
    zones={Object {}}
/>,
}
`;
